// Jest Snapshot v1, https://goo.gl/fbAQLP

exports[`main unused JSX 1`] = `"const comp = /*#__PURE__*/React.createElement(a.Tab, null);"`;

exports[`main unused LabeledStatement 1`] = `
"{
  Tab: 'abc';
}"
`;

exports[`main unused ObjectProperty 1`] = `
"const x = {
  Tab: 'abc',
  ...{
    a: '2'
  }
};"
`;

exports[`main unused VariableDeclarator 1`] = `
"(function () {
  const Tab = '123';
})();"
`;
